// Jest Snapshot v1, https://goo.gl/fbAQLP

exports[`#bundles/molecules/elements/ConcreteBundles renders 1`] = `
<DocumentFragment>
  <div
    class="col-sm-12 bundle-group-edit__section"
  >
    <h1>
      Product Links (Concrete Bundles)
    </h1>
    <p>
      <em>
        Concrete bundles are bundles which link products to other specific products. They can not be customized by the end-consumer.
      </em>
    </p>
    <div
      class="row"
    >
      <div
        class="col-sm-6"
      >
        <h3>
          <strong>
            book-1
          </strong>
           
          <em>
            (Trigger Parent)
          </em>
        </h3>
      </div>
      <div
        class="col-sm-6"
      >
        <h3>
          <strong>
            book-1
          </strong>
           
          <em>
            (Suggestion Parent)
          </em>
        </h3>
      </div>
      <div
        class="col-sm-12"
      >
        <table
          class="table bundle-group-edit__link-table"
        >
          <tbody>
            <tr>
              <th>
                <a
                  href="http://localhost/store/dashboard/catalogue/products/1/"
                  target="_blank"
                >
                  book-1
                </a>
              </th>
              <td>
                <div
                  class=" css-2b097c-container"
                >
                  <div
                    class=" css-yk16xz-control"
                  >
                    <div
                      class=" css-g1d714-ValueContainer"
                    >
                      <div
                        class=" css-1wa3eu0-placeholder"
                      >
                        Select...
                      </div>
                      <div
                        class="css-b8ldur-Input"
                      >
                        <div
                          class=""
                          style="display: inline-block;"
                        >
                          <input
                            aria-autocomplete="list"
                            autocapitalize="none"
                            autocomplete="off"
                            autocorrect="off"
                            id="react-select-2-input"
                            spellcheck="false"
                            style="box-sizing: content-box; width: 2px; border: 0px; opacity: 1; outline: 0; padding: 0px;"
                            tabindex="0"
                            type="text"
                            value=""
                          />
                          <div
                            style="position: absolute; top: 0px; left: 0px; visibility: hidden; height: 0px; overflow: scroll; white-space: pre; font-family: -webkit-small-control; letter-spacing: normal; text-transform: none;"
                          />
                        </div>
                      </div>
                    </div>
                    <div
                      class=" css-1hb7zxy-IndicatorsContainer"
                    >
                      <span
                        class=" css-1okebmr-indicatorSeparator"
                      />
                      <div
                        aria-hidden="true"
                        class=" css-tlfecz-indicatorContainer"
                      >
                        <svg
                          aria-hidden="true"
                          class="css-tj5bde-Svg"
                          focusable="false"
                          height="20"
                          viewBox="0 0 20 20"
                          width="20"
                        >
                          <path
                            d="M4.516 7.548c0.436-0.446 1.043-0.481 1.576 0l3.908 3.747 3.908-3.747c0.533-0.481 1.141-0.446 1.574 0 0.436 0.445 0.408 1.197 0 1.615-0.406 0.418-4.695 4.502-4.695 4.502-0.217 0.223-0.502 0.335-0.787 0.335s-0.57-0.112-0.789-0.335c0 0-4.287-4.084-4.695-4.502s-0.436-1.17 0-1.615z"
                          />
                        </svg>
                      </div>
                    </div>
                  </div>
                </div>
              </td>
            </tr>
          </tbody>
        </table>
      </div>
    </div>
  </div>
</DocumentFragment>
`;
